[2026-01-15 14:22:38.617] [info]  Checking for update
[2026-01-15 14:22:38.647] [info]  Generated new staging user ID: c0a9ff46-10a5-57d6-afb9-574c17029325
[2026-01-15 14:22:39.091] [error] Error: Error: No published versions on GitHub
    at newError (/opt/nightpdf/resources/app.asar/node_modules/electron-updater/node_modules/builder-util-runtime/out/error.js:5:19)
    at GitHubProvider.getLatestVersion (/opt/nightpdf/resources/app.asar/node_modules/electron-updater/out/providers/GitHubProvider.js:99:55)
    at process.processTicksAndRejections (node:internal/process/task_queues:95:5)
    at async DebUpdater.getUpdateInfoAndProvider (/opt/nightpdf/resources/app.asar/node_modules/electron-updater/out/AppUpdater.js:343:19)
    at async DebUpdater.doCheckForUpdates (/opt/nightpdf/resources/app.asar/node_modules/electron-updater/out/AppUpdater.js:357:24)
[2026-01-15 19:44:48.812] [info]  Checking for update
[2026-01-15 19:44:49.310] [error] Error: Error: No published versions on GitHub
    at newError (/opt/nightpdf/resources/app.asar/node_modules/electron-updater/node_modules/builder-util-runtime/out/error.js:5:19)
    at GitHubProvider.getLatestVersion (/opt/nightpdf/resources/app.asar/node_modules/electron-updater/out/providers/GitHubProvider.js:99:55)
    at process.processTicksAndRejections (node:internal/process/task_queues:95:5)
    at async DebUpdater.getUpdateInfoAndProvider (/opt/nightpdf/resources/app.asar/node_modules/electron-updater/out/AppUpdater.js:343:19)
    at async DebUpdater.doCheckForUpdates (/opt/nightpdf/resources/app.asar/node_modules/electron-updater/out/AppUpdater.js:357:24)
[2026-01-27 14:00:09.967] [info]  Checking for update
[2026-01-27 14:00:10.647] [error] Error: Error: No published versions on GitHub
    at newError (/opt/nightpdf/resources/app.asar/node_modules/electron-updater/node_modules/builder-util-runtime/out/error.js:5:19)
    at GitHubProvider.getLatestVersion (/opt/nightpdf/resources/app.asar/node_modules/electron-updater/out/providers/GitHubProvider.js:99:55)
    at process.processTicksAndRejections (node:internal/process/task_queues:95:5)
    at async DebUpdater.getUpdateInfoAndProvider (/opt/nightpdf/resources/app.asar/node_modules/electron-updater/out/AppUpdater.js:343:19)
    at async DebUpdater.doCheckForUpdates (/opt/nightpdf/resources/app.asar/node_modules/electron-updater/out/AppUpdater.js:357:24)
[2026-01-29 17:54:53.982] [info]  Checking for update
[2026-01-29 17:54:54.530] [error] Error: Error: No published versions on GitHub
    at newError (/opt/nightpdf/resources/app.asar/node_modules/electron-updater/node_modules/builder-util-runtime/out/error.js:5:19)
    at GitHubProvider.getLatestVersion (/opt/nightpdf/resources/app.asar/node_modules/electron-updater/out/providers/GitHubProvider.js:99:55)
    at process.processTicksAndRejections (node:internal/process/task_queues:95:5)
    at async DebUpdater.getUpdateInfoAndProvider (/opt/nightpdf/resources/app.asar/node_modules/electron-updater/out/AppUpdater.js:343:19)
    at async DebUpdater.doCheckForUpdates (/opt/nightpdf/resources/app.asar/node_modules/electron-updater/out/AppUpdater.js:357:24)
